******************************************************************************
                  TI ARM Linker PC v20.2.4                     
******************************************************************************
>> Linked Tue Sep 14 14:07:26 2021

OUTPUT FILE NAME:   <lab 3.out>
ENTRY POINT SYMBOL: "_c_int00_noargs"  address: 00003b21


MEMORY CONFIGURATION

         name            origin    length      used     unused   attr    fill
----------------------  --------  ---------  --------  --------  ----  --------
  FLASH                 00000000   00040000  00003ea8  0003c158  R  X
  SRAM                  20000000   00008000  00000f5a  000070a6  RW X


SEGMENT ALLOCATION MAP

run origin  load origin   length   init length attrs members
----------  ----------- ---------- ----------- ----- -------
00000000    00000000    00003ea8   00003ea8    r-x
  00000000    00000000    0000026c   0000026c    r-- .intvecs
  0000026c    0000026c    00003ad4   00003ad4    r-x .text
  00003d40    00003d40    00000118   00000118    r-- .const
  00003e58    00003e58    00000050   00000050    r-- .cinit
20000000    20000000    00000f61   00000000    rw-
  20000000    20000000    0000026c   00000000    rw- .vtable
  20000270    20000270    00000800   00000000    rw- .stack
  20000a70    20000a70    00000400   00000000    rw- .sysmem
  20000e70    20000e70    000000b5   00000000    rw- .bss
  20000f28    20000f28    00000039   00000000    rw- .data


SECTION ALLOCATION MAP

 output                                  attributes/
section   page    origin      length       input sections
--------  ----  ----------  ----------   ----------------
.intvecs   0    00000000    0000026c     
                  00000000    0000026c     tm4c123gh6pm_startup_ccs.obj (.intvecs)

.text      0    0000026c    00003ad4     
                  0000026c    00000c20     open_interface.obj (.text)
                  00000e8c    00000a4e     rtsv7M4_T_le_v4SPD16_eabi.lib : _printfi.c.obj (.text:__TI_printfi)
                  000018da    00000002                                   : _lock.c.obj (.text:_nop)
                  000018dc    00000328     lcd.obj (.text)
                  00001c04    00000270     rtsv7M4_T_le_v4SPD16_eabi.lib : _printfi.c.obj (.text:_pconv_a)
                  00001e74    00000248     Timer.obj (.text)
                  000020bc    000001ec     libcybotScan.lib : ping.obj (.text)
                  000022a8    000001d0     rtsv7M4_T_le_v4SPD16_eabi.lib : _printfi.c.obj (.text:_pconv_g)
                  00002478    000001b6                                   : fd_add_t2.asm.obj (.text)
                  0000262e    00000002                                   : div0.asm.obj (.text)
                  00002630    0000015c     libcybotUART.lib : uart.obj (.text)
                  0000278c    0000013c     rtsv7M4_T_le_v4SPD16_eabi.lib : _printfi.c.obj (.text:_pconv_e)
                  000028c8    00000136                                   : fd_div_t2.asm.obj (.text)
                  000029fe    00000002     --HOLE-- [fill = 0]
                  00002a00    00000124                                   : _printfi.c.obj (.text:fcvt)
                  00002b24    00000124     libcybotScan.lib : servo.obj (.text)
                  00002c48    00000118                      : ir.obj (.text)
                  00002d60    00000110     rtsv7M4_T_le_v4SPD16_eabi.lib : s_scalbn.c.obj (.text:scalbn)
                  00002e70    00000100                                   : memory.c.obj (.text:aligned_alloc)
                  00002f70    000000fc     main.obj (.text)
                  0000306c    000000fc     rtsv7M4_T_le_v4SPD16_eabi.lib : fd_mul_t2.asm.obj (.text)
                  00003168    000000e4                                   : memory.c.obj (.text:free)
                  0000324c    000000b1                                   : _printfi.c.obj (.text:_ltostr)
                  000032fd    00000001     --HOLE-- [fill = 0]
                  000032fe    0000009c                                   : memcpy_t2.asm.obj (.text)
                  0000339a    00000096                                   : ull_div_t2.asm.obj (.text)
                  00003430    00000086                                   : fd_cmp_t2.asm.obj (.text:__aeabi_cdcmple)
                  000034b6    00000086                                   : fd_cmp_t2.asm.obj (.text:__aeabi_cdrcmple)
                  0000353c    0000007a                                   : memset_t2.asm.obj (.text)
                  000035b6    00000002     --HOLE-- [fill = 0]
                  000035b8    00000070                                   : memory.c.obj (.text:split)
                  00003628    0000006e                                   : _printfi.c.obj (.text:_mcpy)
                  00003696    0000006e                                   : fd_tos_t2.asm.obj (.text)
                  00003704    00000068                                   : copy_decompress_lzss.c.obj (.text:decompress:lzss:__TI_decompress_lzss)
                  0000376c    00000064                                   : s_frexp.c.obj (.text:frexp)
                  000037d0    00000058     libcybotScan.lib : cyBot_Scan.obj (.text)
                  00003828    00000056     rtsv7M4_T_le_v4SPD16_eabi.lib : _printfi.c.obj (.text:_pconv_f)
                  0000387e    00000054                                   : _ltoa.c.obj (.text:__TI_ltoa)
                  000038d2    00000052                                   : _printfi.c.obj (.text:_ecpy)
                  00003924    0000004c                                   : atoi.c.obj (.text:atoi)
                  00003970    00000048                                   : fd_toi_t2.asm.obj (.text)
                  000039b8    00000044                                   : autoinit.c.obj (.text:__TI_auto_init_nobinit_nopinit:__TI_auto_init_nobinit_nopinit)
                  000039fc    00000040                                   : vsnprintf.c.obj (.text:vsnprintf)
                  00003a3c    0000003e                                   : _printfi.c.obj (.text:_fcpy)
                  00003a7a    00000002     --HOLE-- [fill = 0]
                  00003a7c    00000038                                   : memory.c.obj (.text:calloc)
                  00003ab4    00000038                                   : fs_tod_t2.asm.obj (.text)
                  00003aec    00000034     driverlib.lib : interrupt.obj (.text:IntRegister)
                  00003b20    00000034     rtsv7M4_T_le_v4SPD16_eabi.lib : boot_cortex_m.c.obj (.text:_c_int00_noargs:_c_int00_noargs)
                  00003b54    00000030                                   : vsnprintf.c.obj (.text:_outs)
                  00003b84    0000002e                                   : i_tofd_t2.asm.obj (.text)
                  00003bb2    00000002     --HOLE-- [fill = 0]
                  00003bb4    00000028                                   : memory.c.obj (.text:free_list_insert)
                  00003bdc    0000001c                                   : copy_zero_init.c.obj (.text:decompress:ZI:__TI_zero_init_nomemset:__TI_zero_init_nomemset)
                  00003bf8    0000001c                                   : memory.c.obj (.text:free_list_remove)
                  00003c14    0000001c                                   : memccpy.c.obj (.text:memccpy)
                  00003c30    0000001a                                   : s_copysign.c.obj (.text:copysign)
                  00003c4a    00000018                                   : vsnprintf.c.obj (.text:_outc)
                  00003c62    00000018     open_interface.obj (.text:oi_parseInt)
                  00003c7a    00000018     rtsv7M4_T_le_v4SPD16_eabi.lib : strcmp.c.obj (.text:strcmp)
                  00003c92    00000016                                   : strchr.c.obj (.text:strchr)
                  00003ca8    00000014                                   : strcpy.c.obj (.text:strcpy)
                  00003cbc    00000014                                   : strlen.c.obj (.text:strlen)
                  00003cd0    00000012                                   : wcslen.c.obj (.text:wcslen)
                  00003ce2    00000010     driverlib.lib : interrupt.obj (.text:IntMasterEnable)
                  00003cf2    00000010     lcd.obj (.text:lcd_clear)
                  00003d02    0000000e     rtsv7M4_T_le_v4SPD16_eabi.lib : copy_decompress_none.c.obj (.text:decompress:none:__TI_decompress_none)
                  00003d10    0000000c     driverlib.lib : cpu.obj (.text:CPUcpsie)
                  00003d1c    0000000c     tm4c123gh6pm_startup_ccs.obj (.text)
                  00003d28    00000008     rtsv7M4_T_le_v4SPD16_eabi.lib : errno.c.obj (.text:__aeabi_errno_addr)
                  00003d30    00000008                                   : memory.c.obj (.text:malloc)
                  00003d38    00000004                                   : pre_init.c.obj (.text:_system_pre_init)
                  00003d3c    00000004                                   : exit.c.obj (.text:abort:abort)

.const     0    00003d40    00000118     
                  00003d40    00000101     rtsv7M4_T_le_v4SPD16_eabi.lib : ctype.c.obj (.const:.string:_ctypes_)
                  00003e41    0000000f     open_interface.obj (.const:.string:$P$T0$3)
                  00003e50    00000004     lcd.obj (.const:.string:lineAddress$1)
                  00003e54    00000004     lcd.obj (.const:.string:lineAddresses$2)

.cinit     0    00003e58    00000050     
                  00003e58    00000018     (.cinit..data.load) [load image, compression = lzss]
                  00003e70    0000000c     (__TI_handler_table)
                  00003e7c    00000004     --HOLE-- [fill = 0]
                  00003e80    00000008     (.cinit..bss.load) [load image, compression = zero_init]
                  00003e88    00000008     (.cinit..vtable.load) [load image, compression = zero_init]
                  00003e90    00000018     (__TI_cinit_table)

.init_array 
*          0    00000000    00000000     UNINITIALIZED

.vtable    0    20000000    0000026c     UNINITIALIZED
                  20000000    0000026c     driverlib.lib : interrupt.obj (.vtable)

.stack     0    20000270    00000800     UNINITIALIZED
                  20000270    00000004     rtsv7M4_T_le_v4SPD16_eabi.lib : boot_cortex_m.c.obj (.stack)
                  20000274    000007fc     --HOLE--

.sysmem    0    20000a70    00000400     UNINITIALIZED
                  20000a70    00000010     rtsv7M4_T_le_v4SPD16_eabi.lib : memory.c.obj (.sysmem)
                  20000a80    000003f0     --HOLE--

.bss       0    20000e70    000000b5     UNINITIALIZED
                  20000e70    00000054     lcd.obj (.bss:lastbuffer$3)
                  20000ec4    00000034     (.common:isr_char_buffer)
                  20000ef8    00000018     open_interface.obj (.bss:firmware$2)
                  20000f10    00000004     (.common:_timeout_ticks)
                  20000f14    00000004     (.common:fallingEdge)
                  20000f18    00000004     (.common:isr_int_value)
                  20000f1c    00000004     (.common:pulseLength)
                  20000f20    00000004     (.common:risingEdge)
                  20000f24    00000001     (.common:isRisingEdge)

.data      0    20000f28    00000039     UNINITIALIZED
                  20000f28    00000020     open_interface.obj (.data)
                  20000f48    00000008     rtsv7M4_T_le_v4SPD16_eabi.lib : _lock.c.obj (.data:$O1$$)
                  20000f50    00000008                                   : memory.c.obj (.data:$O1$$)
                  20000f58    00000004     libcybotUART.lib : uart.obj (.data)
                  20000f5c    00000004     rtsv7M4_T_le_v4SPD16_eabi.lib : errno.c.obj (.data)
                  20000f60    00000001     Timer.obj (.data)

__llvm_prf_cnts 
*          0    20000000    00000000     UNINITIALIZED

MODULE SUMMARY

       Module                         code    ro data   rw data
       ------                         ----    -------   -------
    .\
       open_interface.obj             3128    15        56     
       lcd.obj                        824     8         84     
       tm4c123gh6pm_startup_ccs.obj   12      620       0      
       Timer.obj                      584     0         5      
       main.obj                       252     0         0      
    +--+------------------------------+-------+---------+---------+
       Total:                         4800    643       145    
                                                               
    ../libcybotScan.lib
       ping.obj                       492     0         13     
       servo.obj                      292     0         0      
       ir.obj                         280     0         4      
       cyBot_Scan.obj                 88      0         0      
    +--+------------------------------+-------+---------+---------+
       Total:                         1152    0         17     
                                                               
    ../libcybotUART.lib
       uart.obj                       348     0         56     
    +--+------------------------------+-------+---------+---------+
       Total:                         348     0         56     
                                                               
    C:/ti/TivaWare_C_Series-2.1.4.178/driverlib/ccs/Debug/driverlib.lib
       interrupt.obj                  68      0         620    
       cpu.obj                        12      0         0      
    +--+------------------------------+-------+---------+---------+
       Total:                         80      0         620    
                                                               
    C:\ti\ccs1031\ccs\tools\compiler\ti-cgt-arm_20.2.4.LTS\lib\rtsv7M4_T_le_v4SPD16_eabi.lib
       _printfi.c.obj                 4851    0         0      
       memory.c.obj                   728     0         8      
       fd_add_t2.asm.obj              438     0         0      
       fd_div_t2.asm.obj              310     0         0      
       s_scalbn.c.obj                 272     0         0      
       fd_cmp_t2.asm.obj              268     0         0      
       ctype.c.obj                    0       257       0      
       fd_mul_t2.asm.obj              252     0         0      
       memcpy_t2.asm.obj              156     0         0      
       ull_div_t2.asm.obj             150     0         0      
       vsnprintf.c.obj                136     0         0      
       memset_t2.asm.obj              122     0         0      
       fd_tos_t2.asm.obj              110     0         0      
       copy_decompress_lzss.c.obj     104     0         0      
       s_frexp.c.obj                  100     0         0      
       _ltoa.c.obj                    84      0         0      
       atoi.c.obj                     76      0         0      
       fd_toi_t2.asm.obj              72      0         0      
       autoinit.c.obj                 68      0         0      
       fs_tod_t2.asm.obj              56      0         0      
       boot_cortex_m.c.obj            52      0         0      
       i_tofd_t2.asm.obj              46      0         0      
       copy_zero_init.c.obj           28      0         0      
       memccpy.c.obj                  28      0         0      
       s_copysign.c.obj               26      0         0      
       strcmp.c.obj                   24      0         0      
       strchr.c.obj                   22      0         0      
       strcpy.c.obj                   20      0         0      
       strlen.c.obj                   20      0         0      
       wcslen.c.obj                   18      0         0      
       copy_decompress_none.c.obj     14      0         0      
       errno.c.obj                    8       0         4      
       _lock.c.obj                    2       0         8      
       exit.c.obj                     4       0         0      
       pre_init.c.obj                 4       0         0      
       div0.asm.obj                   2       0         0      
    +--+------------------------------+-------+---------+---------+
       Total:                         8671    257       20     
                                                               
       Heap:                          0       0         1024   
       Stack:                         0       0         2048   
       Linker Generated:              0       76        0      
    +--+------------------------------+-------+---------+---------+
       Grand Total:                   15051   976       3930   


LINKER GENERATED COPY TABLES

__TI_cinit_table @ 00003e90 records: 3, size/record: 8, table size: 24
	.data: load addr=00003e58, load size=00000018 bytes, run addr=20000f28, run size=00000039 bytes, compression=lzss
	.bss: load addr=00003e80, load size=00000008 bytes, run addr=20000e70, run size=000000b5 bytes, compression=zero_init
	.vtable: load addr=00003e88, load size=00000008 bytes, run addr=20000000, run size=0000026c bytes, compression=zero_init


LINKER GENERATED HANDLER TABLE

__TI_handler_table @ 00003e70 records: 3, size/record: 4, table size: 12
	index: 0, handler: __TI_zero_init
	index: 1, handler: __TI_decompress_lzss
	index: 2, handler: __TI_decompress_none


GLOBAL SYMBOLS: SORTED ALPHABETICALLY BY Name 

address   name                          
-------   ----                          
00002ce1  ADC0SS0_Handler               
00003d3d  C$$EXIT                       
00003d11  CPUcpsie                      
00000bc3  GPIOF_Handler                 
00003ce3  IntMasterEnable               
00003aed  IntRegister                   
00003d1d  ResetISR                      
000021ad  TIMER3B_Handler               
20000a70  __STACK_END                   
00000800  __STACK_SIZE                  
20000470  __STACK_TOP                   
00000400  __SYSMEM_SIZE                 
00003e90  __TI_CINIT_Base               
00003ea8  __TI_CINIT_Limit              
00003e70  __TI_Handler_Table_Base       
00003e7c  __TI_Handler_Table_Limit      
000039b9  __TI_auto_init_nobinit_nopinit
00003705  __TI_decompress_lzss          
00003d03  __TI_decompress_none          
0000387f  __TI_ltoa                     
ffffffff  __TI_pprof_out_hndl           
00000e8d  __TI_printfi                  
ffffffff  __TI_prof_data_size           
ffffffff  __TI_prof_data_start          
00000000  __TI_static_base__            
00003bdd  __TI_zero_init_nomemset       
00003431  __aeabi_cdcmpeq               
00003431  __aeabi_cdcmple               
000034b7  __aeabi_cdrcmple              
00003697  __aeabi_d2f                   
00003971  __aeabi_d2iz                  
00002483  __aeabi_dadd                  
000028c9  __aeabi_ddiv                  
0000306d  __aeabi_dmul                  
00002479  __aeabi_dsub                  
00003d29  __aeabi_errno_addr            
00003ab5  __aeabi_f2d                   
00003b85  __aeabi_i2d                   
0000262f  __aeabi_idiv0                 
0000262f  __aeabi_ldiv0                 
0000353d  __aeabi_memclr                
0000353d  __aeabi_memclr4               
0000353d  __aeabi_memclr8               
000032ff  __aeabi_memcpy                
000032ff  __aeabi_memcpy4               
000032ff  __aeabi_memcpy8               
0000353f  __aeabi_memset                
0000353f  __aeabi_memset4               
0000353f  __aeabi_memset8               
0000339b  __aeabi_uldivmod              
ffffffff  __binit__                     
ffffffff  __c_args__                    
UNDEFED   __mpu_init                    
20000270  __stack                       
20000000  __start___llvm_prf_cnts       
20000000  __stop___llvm_prf_cnts        
00003b21  _c_int00_noargs               
00003d40  _ctypes_                      
20000f48  _lock                         
000018db  _nop                          
20000f60  _running                      
20000a70  _sys_memory                   
UNDEFED   _system_post_cinit            
00003d39  _system_pre_init              
20000f10  _timeout_ticks                
20000f4c  _unlock                       
00003d3d  abort                         
00002e71  aligned_alloc                 
00003925  atoi                          
ffffffff  binit                         
00003a7d  calloc                        
00003c31  copysign                      
00003c31  copysignl                     
000037e1  cyBOT_Scan                    
000037d1  cyBOT_init_Scan               
00002739  cyBot_UART1_Handler           
0000271f  cyBot_getByte                 
00002631  cyBot_sendByte                
00002701  cyBot_uart_flush              
0000266f  cyBot_uart_init               
00002657  cyBot_uart_sendBuffer         
0000263d  cyBot_uart_sendStr            
20000f5c  errno                         
20000f14  fallingEdge                   
00003169  free                          
0000376d  frexp                         
0000376d  frexpl                        
20000000  g_pfnRAMVectors               
00000000  g_pfnVectors                  
0000097f  go_charge                     
00002cf7  ir_enableInterrupt            
00002cd9  ir_getDistance                
00002cb1  ir_getValue                   
00002c49  ir_init                       
20000f24  isRisingEdge                  
20000ec4  isr_char_buffer               
20000f58  isr_counter                   
20000f18  isr_int_value                 
00003cf3  lcd_clear                     
00001ab1  lcd_gotoLine                  
00001919  lcd_init                      
00001b17  lcd_printf                    
000019d9  lcd_putc                      
00001a11  lcd_puts                      
000018dd  lcd_reverseNibble             
00001a2f  lcd_sendCommand               
00001a6d  lcd_sendNibble                
00001ad9  lcd_setCursorPos              
00002d61  ldexp                         
00002d61  ldexpl                        
00002f71  main                          
00003d31  malloc                        
00002e71  memalign                      
00003c15  memccpy                       
000032ff  memcpy                        
00003545  memset                        
20000f28  motor_cal_factor_L            
20000f2c  motor_cal_factor_R            
0000026d  oi_alloc                      
00000aa9  oi_checkFirmware              
000002c7  oi_close                      
00000279  oi_free                       
00000ded  oi_getMotorCalibrationLeft    
00000e01  oi_getMotorCalibrationRight   
000002b1  oi_init                       
00000289  oi_init_noupdate              
00000915  oi_loadSong                   
00003c63  oi_parseInt                   
0000032b  oi_parsePacket                
0000096b  oi_play_song                  
0000084b  oi_setLeds                    
00000db1  oi_setMotorCalibration        
0000088f  oi_setWheels                  
00000b51  oi_shutoff_init               
0000098d  oi_uartInit                   
00000a31  oi_uartReceive                
00000a77  oi_uartSendBuff               
00000a15  oi_uartSendChar               
00000a59  oi_uartSendStr                
000002d9  oi_update                     
000021ff  ping_getDistance              
000020bd  ping_init                     
00002143  ping_trigger                  
20000f1c  pulseLength                   
20000f20  risingEdge                    
00002d61  scalbn                        
00002d61  scalbnl                       
00002b25  servo_init                    
00002ba9  servo_move                    
00002bf3  servo_setPWM                  
00002b9d  servo_stop                    
00003c93  strchr                        
00003c7b  strcmp                        
00003ca9  strcpy                        
00003cbd  strlen                        
00001f93  timer_getMicros               
00001f3b  timer_getMillis               
00001e75  timer_init                    
00001f17  timer_pause                   
00001f29  timer_resume                  
00001eed  timer_stop                    
00001fed  timer_waitMicros              
0000201f  timer_waitMillis              
000039fd  vsnprintf                     
00003cd1  wcslen                        


GLOBAL SYMBOLS: SORTED BY Symbol Address 

address   name                          
-------   ----                          
00000000  __TI_static_base__            
00000000  g_pfnVectors                  
0000026d  oi_alloc                      
00000279  oi_free                       
00000289  oi_init_noupdate              
000002b1  oi_init                       
000002c7  oi_close                      
000002d9  oi_update                     
0000032b  oi_parsePacket                
00000400  __SYSMEM_SIZE                 
00000800  __STACK_SIZE                  
0000084b  oi_setLeds                    
0000088f  oi_setWheels                  
00000915  oi_loadSong                   
0000096b  oi_play_song                  
0000097f  go_charge                     
0000098d  oi_uartInit                   
00000a15  oi_uartSendChar               
00000a31  oi_uartReceive                
00000a59  oi_uartSendStr                
00000a77  oi_uartSendBuff               
00000aa9  oi_checkFirmware              
00000b51  oi_shutoff_init               
00000bc3  GPIOF_Handler                 
00000db1  oi_setMotorCalibration        
00000ded  oi_getMotorCalibrationLeft    
00000e01  oi_getMotorCalibrationRight   
00000e8d  __TI_printfi                  
000018db  _nop                          
000018dd  lcd_reverseNibble             
00001919  lcd_init                      
000019d9  lcd_putc                      
00001a11  lcd_puts                      
00001a2f  lcd_sendCommand               
00001a6d  lcd_sendNibble                
00001ab1  lcd_gotoLine                  
00001ad9  lcd_setCursorPos              
00001b17  lcd_printf                    
00001e75  timer_init                    
00001eed  timer_stop                    
00001f17  timer_pause                   
00001f29  timer_resume                  
00001f3b  timer_getMillis               
00001f93  timer_getMicros               
00001fed  timer_waitMicros              
0000201f  timer_waitMillis              
000020bd  ping_init                     
00002143  ping_trigger                  
000021ad  TIMER3B_Handler               
000021ff  ping_getDistance              
00002479  __aeabi_dsub                  
00002483  __aeabi_dadd                  
0000262f  __aeabi_idiv0                 
0000262f  __aeabi_ldiv0                 
00002631  cyBot_sendByte                
0000263d  cyBot_uart_sendStr            
00002657  cyBot_uart_sendBuffer         
0000266f  cyBot_uart_init               
00002701  cyBot_uart_flush              
0000271f  cyBot_getByte                 
00002739  cyBot_UART1_Handler           
000028c9  __aeabi_ddiv                  
00002b25  servo_init                    
00002b9d  servo_stop                    
00002ba9  servo_move                    
00002bf3  servo_setPWM                  
00002c49  ir_init                       
00002cb1  ir_getValue                   
00002cd9  ir_getDistance                
00002ce1  ADC0SS0_Handler               
00002cf7  ir_enableInterrupt            
00002d61  ldexp                         
00002d61  ldexpl                        
00002d61  scalbn                        
00002d61  scalbnl                       
00002e71  aligned_alloc                 
00002e71  memalign                      
00002f71  main                          
0000306d  __aeabi_dmul                  
00003169  free                          
000032ff  __aeabi_memcpy                
000032ff  __aeabi_memcpy4               
000032ff  __aeabi_memcpy8               
000032ff  memcpy                        
0000339b  __aeabi_uldivmod              
00003431  __aeabi_cdcmpeq               
00003431  __aeabi_cdcmple               
000034b7  __aeabi_cdrcmple              
0000353d  __aeabi_memclr                
0000353d  __aeabi_memclr4               
0000353d  __aeabi_memclr8               
0000353f  __aeabi_memset                
0000353f  __aeabi_memset4               
0000353f  __aeabi_memset8               
00003545  memset                        
00003697  __aeabi_d2f                   
00003705  __TI_decompress_lzss          
0000376d  frexp                         
0000376d  frexpl                        
000037d1  cyBOT_init_Scan               
000037e1  cyBOT_Scan                    
0000387f  __TI_ltoa                     
00003925  atoi                          
00003971  __aeabi_d2iz                  
000039b9  __TI_auto_init_nobinit_nopinit
000039fd  vsnprintf                     
00003a7d  calloc                        
00003ab5  __aeabi_f2d                   
00003aed  IntRegister                   
00003b21  _c_int00_noargs               
00003b85  __aeabi_i2d                   
00003bdd  __TI_zero_init_nomemset       
00003c15  memccpy                       
00003c31  copysign                      
00003c31  copysignl                     
00003c63  oi_parseInt                   
00003c7b  strcmp                        
00003c93  strchr                        
00003ca9  strcpy                        
00003cbd  strlen                        
00003cd1  wcslen                        
00003ce3  IntMasterEnable               
00003cf3  lcd_clear                     
00003d03  __TI_decompress_none          
00003d11  CPUcpsie                      
00003d1d  ResetISR                      
00003d29  __aeabi_errno_addr            
00003d31  malloc                        
00003d39  _system_pre_init              
00003d3d  C$$EXIT                       
00003d3d  abort                         
00003d40  _ctypes_                      
00003e70  __TI_Handler_Table_Base       
00003e7c  __TI_Handler_Table_Limit      
00003e90  __TI_CINIT_Base               
00003ea8  __TI_CINIT_Limit              
20000000  __start___llvm_prf_cnts       
20000000  __stop___llvm_prf_cnts        
20000000  g_pfnRAMVectors               
20000270  __stack                       
20000470  __STACK_TOP                   
20000a70  __STACK_END                   
20000a70  _sys_memory                   
20000ec4  isr_char_buffer               
20000f10  _timeout_ticks                
20000f14  fallingEdge                   
20000f18  isr_int_value                 
20000f1c  pulseLength                   
20000f20  risingEdge                    
20000f24  isRisingEdge                  
20000f28  motor_cal_factor_L            
20000f2c  motor_cal_factor_R            
20000f48  _lock                         
20000f4c  _unlock                       
20000f58  isr_counter                   
20000f5c  errno                         
20000f60  _running                      
ffffffff  __TI_pprof_out_hndl           
ffffffff  __TI_prof_data_size           
ffffffff  __TI_prof_data_start          
ffffffff  __binit__                     
ffffffff  __c_args__                    
ffffffff  binit                         
UNDEFED   __mpu_init                    
UNDEFED   _system_post_cinit            

[165 symbols]
